// Vitest Snapshot v1, https://vitest.dev/guide/snapshot.html

exports[`indent-binary-ops > invalid > 
  function isNamedFunction(node:
  | Tree.ArrowFunctionExpression
  | Tree.FunctionDeclaration
  | Tree.FunctionExpression,
  ) {
    if (node.id)
      return true

    const parent = node.parent

    return parent.type === 'MethodDefinition'
              || (parent.type === 'Property'
                  && (
                    parent.kind === 'get'
                      || parent.kind === 'set'
                      || parent.method
                  )
              )
  }
 1`] = `
"
  function isNamedFunction(node:
  | Tree.ArrowFunctionExpression
  | Tree.FunctionDeclaration
  | Tree.FunctionExpression,
  ) {
    if (node.id)
      return true

    const parent = node.parent

    return parent.type === 'MethodDefinition'
      || (parent.type === 'Property'
              && (
                    parent.kind === 'get'
                    || parent.kind === 'set'
                      || parent.method
                  )
              )
  }
"
`;

exports[`indent-binary-ops > invalid > 
const a =
x +
   y * z
 1`] = `
"
const a =
x +
y * z
"
`;

exports[`indent-binary-ops > invalid > 
function foo() {
  if (a
  || b
      || c || d
        || (d && b)
  ) {
    foo()
  }
}
 1`] = `
"
function foo() {
  if (a
    || b
  || c || d
      || (d && b)
  ) {
    foo()
  }
}
"
`;

exports[`indent-binary-ops > invalid > 
if (
  a && (
    a.b ||
      a.c
  ) &&
    a.d
) {}
 1`] = `
"
if (
  a && (
    a.b ||
    a.c
  ) &&
  a.d
) {}
"
`;

exports[`indent-binary-ops > invalid > 
if (
  aaaaaa >
bbbbb
) {}
 1`] = `
"
if (
  aaaaaa >
  bbbbb
) {}
"
`;
