// Vitest Snapshot v1, https://vitest.dev/guide/snapshot.html

exports[`indent-ops > invalid > 
const a = 
x +
   y * z
 1`] = `
"
const a = 
x +
y * z
"
`;

exports[`indent-ops > invalid > 
function foo() {
  if (a 
  || b 
      || c || d
        || (d && b)
  ) {
    foo()
  }
}
 1`] = `
"
function foo() {
  if (a 
  || b 
  || c || d
  || (d && b)
  ) {
    foo()
  }
}
"
`;

exports[`indent-ops > invalid > 
if (
  a && (
    a.b ||
    a.c
  ) &&
  a.d
) {}
 1`] = `
"
if (
  a && (
  a.b ||
    a.c
  ) &&
  a.d
) {}
"
`;

exports[`indent-ops > invalid > 
if (
  aaaaaa >
bbbbb
) {}
 1`] = `
"
if (
  aaaaaa >
  bbbbb
) {}
"
`;
